Microchip MPLAB XC8 Compiler V2.45

Linker command line:

-W-3 \
  --edf=C:\Program Files\Microchip\xc8\v2.45\pic\dat\20230818022343_en.msgs \
  -cn -h+dist/default/debug\Lab10.X.debug.sym \
  --cmf=dist/default/debug\Lab10.X.debug.cmf -z -Q18F4520 \
  -oC:\Users\wade0\AppData\Local\Temp\xcAs4qo.\driver_tmp_3.o \
  --defsym=__MPLAB_BUILD=1 --fixupoverflow=error \
  -Mdist/default/debug/Lab10.X.debug.map \
  --md=C:\Users\wade0\AppData\Local\Temp\xcAs4qo.\driver_tmp_0.dat -E1 \
  -ver=XC8 Compiler --acfsm=1493 -ACODE=00h-07DBFh -ACONST=00h-07DBFh \
  -ASMALLCONST=0600h-06FFhx119,07D00h-07DBFh -AMEDIUMCONST=0600h-07DBFh \
  -ACOMRAM=01h-07Fh -AABS1=00h-05F3h -ABIGRAM=01h-05F3h \
  -ARAM=080h-0FFh,0100h-01FFhx4,0500h-05F3h -ABANK0=080h-0FFh \
  -ABANK1=0100h-01FFh -ABANK2=0200h-02FFh -ABANK3=0300h-03FFh \
  -ABANK4=0400h-04FFh -ABANK5=0500h-05F3h \
  -ASFR=0F80h-0F9Bh,0F9Dh-0FD3h,0FD5h-0FDAh,0FE0h-0FE2h,0FE8h-0FEAh,0FF0h-0FFCh \
  -ABIGSFR=0F80h-0F9Bh,0F9Dh-0FD3h,0FD5h-0FDAh,0FE0h-0FE2h,0FE8h-0FEAh,0FF0h-0FFCh \
  -ACONFIG=0300000h-030000Dh -AIDLOC=0200000h-0200007h \
  -AEEDATA=0F00000h-0F000FFh -peeprom_data=EEDATA \
  -preset_vec=00h,intcode=08h,intcodelo=018h,powerup,init -pramtop=0600h \
  -psmallconst=SMALLCONST -pmediumconst=MEDIUMCONST -pconst=CONST \
  -AFARRAM=00h-00h \
  -prdata=COMRAM,nvrram=COMRAM,nvbit=COMRAM,rbss=COMRAM,rbit=COMRAM \
  -pfarbss=FARRAM,fardata=FARRAM,nvFARRAM=FARRAM \
  -pintsave_regs=BIGRAM,bigbss=BIGRAM,bigdata=BIGRAM -pbss=RAM \
  -pidata=CODE,irdata=CODE,ibigdata=CODE,ifardata=CODE -prparam=COMRAM \
  C:\Users\wade0\AppData\Local\Temp\xcAs4qo.\driver_tmp_9.o \
  dist/default/debug\Lab10.X.debug.o 

Object code version is 3.11

Machine type is 18F4520



                Name                               Link     Load   Length Selector   Space Scale
C:\Users\wade0\AppData\Local\Temp\xcAs4qo.\driver_tmp_9.o
                idloc                            200000   200000        8        0       5
                config                           300000   300000        E        0       4
                init                                 90       90        4        C       0
                reset_vec                             0        0        4        0       0
dist/default/debug\Lab10.X.debug.o
                intcodelo                            18       18       78        C       0
                intcode                               8        8        6        4       0
                idloc                            200000   200000        8        0       5
                config                           300000   300000        E        0       4
                temp                                 53       53        1        1       1
                smallconst                          600      600       32      300       0
                text23                              A72      A72      31C      319       0
                text22                             14A0     14A0       16      319       0
                text21                             13A2     13A2       2E      319       0
                text20                             11EA     11EA       7E      319       0
                intcode_body                        D8E      D8E      208      319       0
                text18                             1366     1366       3C      319       0
                text17                             148A     148A       16      319       0
                text16                             1268     1268       68      319       0
                text14                             132A     132A       3C      319       0
                text13                             14E6     14E6        4      319       0
                text12                             14D4     14D4        A      319       0
                text11                             14B6     14B6       14      319       0
                text10                             14DE     14DE        8      319       0
                text9                              1424     1424       2A      319       0
                text8                              13FA     13FA       2A      319       0
                text7                              14CA     14CA        A      319       0
                text6                               632      632      440      319       0
                text5                              1474     1474       16      319       0
                text4                              116C     116C       7E      319       0
                text3                               F96      F96      138      319       0
                text2                              12D0     12D0       5A      319       0
                text1                              13D0     13D0       2A      319       0
                text0                              10CE     10CE       9E      319       0
                cstackCOMRAM                          1        1       36        1       1
                cstackBANK0                          BC       BC       17       80       1
                bssBANK0                             80       80       3C       80       1
                bssCOMRAM                            37       37       1C        1       1
                cinit                              144E     144E       26      319       0

TOTAL           Name                               Link     Load   Length     Space
        CLASS   CODE           
                intcodelo                            18       18       78         0
                intcode                               8        8        6         0
                init                                 90       90        4         0
                reset_vec                             0        0        4         0
                text23                              A72      A72      31C         0
                text22                             14A0     14A0       16         0
                text21                             13A2     13A2       2E         0
                text20                             11EA     11EA       7E         0
                intcode_body                        D8E      D8E      208         0
                text18                             1366     1366       3C         0
                text17                             148A     148A       16         0
                text16                             1268     1268       68         0
                text14                             132A     132A       3C         0
                text13                             14E6     14E6        4         0
                text12                             14D4     14D4        A         0
                text11                             14B6     14B6       14         0
                text10                             14DE     14DE        8         0
                text9                              1424     1424       2A         0
                text8                              13FA     13FA       2A         0
                text7                              14CA     14CA        A         0
                text6                               632      632      440         0
                text5                              1474     1474       16         0
                text4                              116C     116C       7E         0
                text3                               F96      F96      138         0
                text2                              12D0     12D0       5A         0
                text1                              13D0     13D0       2A         0
                text0                              10CE     10CE       9E         0
                cinit                              144E     144E       26         0

        CLASS   CONST          

        CLASS   SMALLCONST     
                smallconst                          600      600       32         0

        CLASS   MEDIUMCONST    

        CLASS   COMRAM         
                temp                                 53       53        1         1
                cstackCOMRAM                          1        1       36         1
                bssCOMRAM                            37       37       1C         1

        CLASS   ABS1           

        CLASS   BIGRAM         

        CLASS   RAM            

        CLASS   BANK0          
                cstackBANK0                          BC       BC       17         1
                bssBANK0                             80       80       3C         1

        CLASS   BANK1          

        CLASS   BANK2          

        CLASS   BANK3          

        CLASS   BANK4          

        CLASS   BANK5          

        CLASS   SFR            

        CLASS   BIGSFR         

        CLASS   CONFIG         
                config                           300000   300000        E         4

        CLASS   IDLOC          
                idloc                            200000   200000        8         5

        CLASS   EEDATA         

        CLASS   FARRAM         

        CLASS   HEAP           

        CLASS   STACK          



SEGMENTS        Name                           Load    Length   Top    Selector   Space  Class

                reset_vec                      000000  000004  000004         0       0  CODE    
                cstackCOMRAM                   000001  000053  000054         1       1  COMRAM  
                intcode                        000008  000006  00000E         4       0  CODE    
                intcodelo                      000018  00007C  000094         C       0  CODE    
                bssBANK0                       000080  000053  0000D3        80       1  BANK0   
                smallconst                     000600  000032  000632       300       0  SMALLCON
                text6                          000632  000EB8  0014EA       319       0  CODE    


UNUSED ADDRESS RANGES

        Name                Unused          Largest block    Delta
        BANK0            0000D3-0000FF               2D
        BANK1            000100-0001FF              100
        BANK2            000200-0002FF              100
        BANK3            000300-0003FF              100
        BANK4            000400-0004FF              100
        BANK5            000500-0005F3               F4
        BIGRAM           000054-00007F               2C
                         0000D3-0005F3              521
        BIGSFR           000F80-000F9B               1C
                         000F9D-000FD3               37
                         000FD5-000FDA                6
                         000FE0-000FE2                3
                         000FE8-000FEA                3
                         000FF0-000FFC                D
        CODE             000004-000007                4
                         00000E-000017                A
                         000094-0005FF              56C
                         0014EA-007DBF             68D6
        COMRAM           000054-00007F               2C
        CONST            000004-000007                4
                         00000E-000017                A
                         000094-0005FF              56C
                         0014EA-007DBF             68D6
        EEDATA           F00000-F000FF              100
        MEDIUMCONST      0014EA-007DBF             68D6
        RAM              0000D3-0005F3              100
        SFR              000F80-000F9B               1C
                         000F9D-000FD3               37
                         000FD5-000FDA                6
                         000FE0-000FE2                3
                         000FE8-000FEA                3
                         000FF0-000FFC                D
        SMALLCONST       0014EA-007DBF              100

                                  Symbol Table

?_Get_complete_state           cstackCOMRAM 00002D
?_alphabet_to_code             cstackCOMRAM 00002D
ClearBuffer@i                  cstackCOMRAM 00002D
H_ISR@clock                    cstackCOMRAM 000021
H_ISR@i                        cstackCOMRAM 00001B
H_ISR@i_1165                   cstackCOMRAM 00001D
H_ISR@input_code               cstackCOMRAM 00001F
H_ISR@input_count              cstackCOMRAM 000019
UART_Write@data                cstackCOMRAM 00002D
UART_Write_Text@i              cstackCOMRAM 000032
UART_Write_Text@text           cstackCOMRAM 00002E
_ADCON0bits                    (abs)        000FC2
_ADRESH                        (abs)        000FC4
_ADRESL                        (abs)        000FC3
_BAUDCONbits                   (abs)        000FB8
_CREN                          (abs)        007D5C
_ClearBuffer                   text14       00132A
_GetString                     text13       0014E6
_Get_complete_state            text12       0014D4
_H_ISR                         intcode      000008
_INTCON2bits                   (abs)        000FF1
_INTCON3bits                   (abs)        000FF0
_INTCONbits                    (abs)        000FF2
_INTERRUPT_Initialize          text11       0014B6
_IPR1bits                      (abs)        000F9F
_IRCF0                         (abs)        007E9C
_IRCF1                         (abs)        007E9D
_IRCF2                         (abs)        007E9E
_LATA                          (abs)        000F89
_LATAbits                      (abs)        000F89
_Lo_ISR                        intcodelo    000018
_MyusartRead                   text16       001268
_OSCCONbits                    (abs)        000FD3
_OSCILLATOR_Initialize         text10       0014DE
_PIE1bits                      (abs)        000F9D
_PIR1bits                      (abs)        000F9E
_PORTBbits                     (abs)        000F81
_PR2                           (abs)        000FCB
_RCIF                          (abs)        007CF5
_RCONbits                      (abs)        000FD0
_RCREG                         (abs)        000FAE
_RCSTAbits                     (abs)        000FAB
_SPBRG                         (abs)        000FAF
_SYSTEM_Initialize             text8        0013FA
_T2CONbits                     (abs)        000FCA
_TMR2                          (abs)        000FCC
_TRISA                         (abs)        000F92
_TRISBbits                     (abs)        000F93
_TRISCbits                     (abs)        000F94
_TXREG                         (abs)        000FAD
_TXSTAbits                     (abs)        000FAC
_UART_Initialize               text9        001424
_UART_Write                    text5        001474
_UART_Write_Text               text4        00116C
__HRAM                         (abs)        000000
__H__absolute__                __absolute__ 000000
__Habs1                        abs1         000000
__Hbank0                       bank0        000000
__Hbank1                       bank1        000000
__Hbank2                       bank2        000000
__Hbank3                       bank3        000000
__Hbank4                       bank4        000000
__Hbank5                       bank5        000000
__Hbigbss                      bigbss       000000
__Hbigdata                     bigdata      000000
__Hbigram                      bigram       000000
__Hbigsfr                      bigsfr       000000
__Hbss                         bss          000000
__HbssBANK0                    bssBANK0     000000
__HbssCOMRAM                   bssCOMRAM    000000
__Hcinit                       cinit        000000
__Hclrtext                     clrtext      000000
__Hcomram                      comram       000000
__Hconfig                      config       30000E
__Hconst                       const        000000
__HcstackBANK0                 cstackBANK0  000000
__HcstackCOMRAM                cstackCOMRAM 000000
__Hdata                        data         000000
__Heeprom_data                 eeprom_data  000000
__Hfarbss                      farbss       000000
__Hfardata                     fardata      000000
__Hheap                        heap         000000
__Hibigdata                    ibigdata     000000
__Hidata                       idata        000000
__Hidloc                       idloc        200008
__Hifardata                    ifardata     000000
__Hinit                        init         000094
__Hintcode                     intcode      00000E
__Hintcode_body                intcode_body 000000
__Hintcodelo                   intcodelo    000090
__Hintentry                    intentry     000000
__Hintret                      intret       000000
__Hintsave_regs                intsave_regs 000000
__Hirdata                      irdata       000000
__Hmediumconst                 mediumconst  000000
__HnvFARRAM                    nvFARRAM     000000
__Hnvbit                       nvbit        000000
__Hnvrram                      nvrram       000000
__Hparam                       rparam       000000
__Hpowerup                     powerup      000090
__Hram                         ram          000000
__Hramtop                      ramtop       000600
__Hrbit                        rbit         000000
__Hrbss                        rbss         000000
__Hrdata                       rdata        000000
__Hreset_vec                   reset_vec    000004
__Hrparam                      rparam       000000
__Hsfr                         sfr          000000
__Hsmallconst                  smallconst   000632
__Hspace_0                     (abs)        0014EA
__Hspace_1                     (abs)        0000D3
__Hspace_2                     (abs)        000000
__Hspace_4                     (abs)        60000E
__Hstack                       stack        000000
__Hstruct                      struct       000000
__Htemp                        temp         000054
__Htext                        text         000000
__Htext0                       text0        000000
__Htext1                       text1        000000
__Htext10                      text10       000000
__Htext11                      text11       000000
__Htext12                      text12       000000
__Htext13                      text13       000000
__Htext14                      text14       000000
__Htext16                      text16       000000
__Htext17                      text17       000000
__Htext18                      text18       000000
__Htext2                       text2        000000
__Htext20                      text20       000000
__Htext21                      text21       000000
__Htext22                      text22       000000
__Htext23                      text23       000000
__Htext3                       text3        000000
__Htext4                       text4        000000
__Htext5                       text5        000000
__Htext6                       text6        000000
__Htext7                       text7        000000
__Htext8                       text8        000000
__Htext9                       text9        000000
__LRAM                         (abs)        000001
__L__absolute__                __absolute__ 000000
__Labs1                        abs1         000000
__Lbank0                       bank0        000000
__Lbank1                       bank1        000000
__Lbank2                       bank2        000000
__Lbank3                       bank3        000000
__Lbank4                       bank4        000000
__Lbank5                       bank5        000000
__Lbigbss                      bigbss       000000
__Lbigdata                     bigdata      000000
__Lbigram                      bigram       000000
__Lbigsfr                      bigsfr       000000
__Lbss                         bss          000000
__LbssBANK0                    bssBANK0     000000
__LbssCOMRAM                   bssCOMRAM    000000
__Lcinit                       cinit        000000
__Lclrtext                     clrtext      000000
__Lcomram                      comram       000000
__Lconfig                      config       000000
__Lconst                       const        000000
__LcstackBANK0                 cstackBANK0  000000
__LcstackCOMRAM                cstackCOMRAM 000000
__Ldata                        data         000000
__Leeprom_data                 eeprom_data  000000
__Lfarbss                      farbss       000000
__Lfardata                     fardata      000000
__Lheap                        heap         000000
__Libigdata                    ibigdata     000000
__Lidata                       idata        000000
__Lidloc                       idloc        000000
__Lifardata                    ifardata     000000
__Linit                        init         000090
__Lintcode                     intcode      000008
__Lintcode_body                intcode_body 000000
__Lintcodelo                   intcodelo    000018
__Lintentry                    intentry     000000
__Lintret                      intret       000000
__Lintsave_regs                intsave_regs 000000
__Lirdata                      irdata       000000
__Lmediumconst                 mediumconst  000000
__LnvFARRAM                    nvFARRAM     000000
__Lnvbit                       nvbit        000000
__Lnvrram                      nvrram       000000
__Lparam                       rparam       000000
__Lpowerup                     powerup      000090
__Lram                         ram          000000
__Lramtop                      ramtop       000600
__Lrbit                        rbit         000000
__Lrbss                        rbss         000000
__Lrdata                       rdata        000000
__Lreset_vec                   reset_vec    000000
__Lrparam                      rparam       000000
__Lsfr                         sfr          000000
__Lsmallconst                  smallconst   000600
__Lspace_0                     (abs)        000000
__Lspace_1                     (abs)        000000
__Lspace_2                     (abs)        000000
__Lspace_4                     (abs)        000000
__Lstack                       stack        000000
__Lstruct                      struct       000000
__Ltemp                        temp         000053
__Ltext                        text         000000
__Ltext0                       text0        000000
__Ltext1                       text1        000000
__Ltext10                      text10       000000
__Ltext11                      text11       000000
__Ltext12                      text12       000000
__Ltext13                      text13       000000
__Ltext14                      text14       000000
__Ltext16                      text16       000000
__Ltext17                      text17       000000
__Ltext18                      text18       000000
__Ltext2                       text2        000000
__Ltext20                      text20       000000
__Ltext21                      text21       000000
__Ltext22                      text22       000000
__Ltext23                      text23       000000
__Ltext3                       text3        000000
__Ltext4                       text4        000000
__Ltext5                       text5        000000
__Ltext6                       text6        000000
__Ltext7                       text7        000000
__Ltext8                       text8        000000
__Ltext9                       text9        000000
__S0                           (abs)        0014EA
__S1                           (abs)        0000D3
__S4                           (abs)        000000
__S5                           (abs)        000000
___heap_hi                     (abs)        000000
___heap_lo                     (abs)        000000
___inthi_sp                    stack        000000
___inthi_stack_hi              stack        000000
___inthi_stack_lo              stack        000000
___intlo_sp                    stack        000000
___intlo_stack_hi              stack        000000
___intlo_stack_lo              stack        000000
___param_bank                  (abs)        000000
___rparam_used                 (abs)        000001
___sp                          stack        000000
___stack_hi                    stack        000000
___stack_lo                    stack        000000
__accesstop                    (abs)        000080
__activetblptr                 (abs)        000002
__end_of_ClearBuffer           text14       001366
__end_of_GetString             text13       0014EA
__end_of_Get_complete_state    text12       0014DE
__end_of_H_ISR                 intcode_body 000F96
__end_of_INTERRUPT_Initialize  text11       0014CA
__end_of_Lo_ISR                intcodelo    000090
__end_of_MyusartRead           text16       0012D0
__end_of_OSCILLATOR_Initialize text10       0014E6
__end_of_SYSTEM_Initialize     text8        001424
__end_of_UART_Initialize       text9        00144E
__end_of_UART_Write            text5        00148A
__end_of_UART_Write_Text       text4        0011EA
__end_of__initialization       cinit        001466
__end_of_alphabet_to_code      text6        000A72
__end_of_bee_led_output        text3        0010CE
__end_of_clear_complete        text7        0014D4
__end_of_code_to_alphabet      text23       000D8E
__end_of_main                  text0        00116C
__end_of_output                text2        00132A
__end_of_state1_output         text21       0013D0
__end_of_strcpy                text1        0013FA
__end_ofi1_ClearBuffer         text18       0013A2
__end_ofi1_UART_Write          text17       0014A0
__end_ofi2_UART_Write          text22       0014B6
__end_ofi2_UART_Write_Text     text20       001268
__initialization               cinit        00144E
__mediumconst                  mediumconst  000000
__pbssBANK0                    bssBANK0     000080
__pbssCOMRAM                   bssCOMRAM    000037
__pcinit                       cinit        00144E
__pcstackBANK0                 cstackBANK0  0000BC
__pcstackCOMRAM                cstackCOMRAM 000001
__pintcode                     intcode      000008
__pintcode_body                intcode_body 000D8E
__pintcodelo                   intcodelo    000018
__psmallconst                  smallconst   000600
__ptext0                       text0        0010CE
__ptext1                       text1        0013D0
__ptext10                      text10       0014DE
__ptext11                      text11       0014B6
__ptext12                      text12       0014D4
__ptext13                      text13       0014E6
__ptext14                      text14       00132A
__ptext16                      text16       001268
__ptext17                      text17       00148A
__ptext18                      text18       001366
__ptext2                       text2        0012D0
__ptext20                      text20       0011EA
__ptext21                      text21       0013A2
__ptext22                      text22       0014A0
__ptext23                      text23       000A72
__ptext3                       text3        000F96
__ptext4                       text4        00116C
__ptext5                       text5        001474
__ptext6                       text6        000632
__ptext7                       text7        0014CA
__ptext8                       text8        0013FA
__ptext9                       text9        001424
__ramtop                       ramtop       000600
__smallconst                   smallconst   000600
_alphabet_to_code              text6        000632
_bee_led_output                text3        000F96
_clear_complete                text7        0014CA
_code_to_alphabet              text23       000A72
_complete                      bssCOMRAM    000037
_input_complete                bssCOMRAM    000039
_input_string                  bssBANK0     000080
_lenStr                        bssCOMRAM    00003B
_main                          text0        0010CE
_mystring                      bssCOMRAM    00003F
_output                        text2        0012D0
_state                         bssCOMRAM    00003D
_state1_output                 text21       0013A2
_str                           bssBANK0     000094
_strcpy                        text1        0013D0
_string                        bssBANK0     0000A8
alphabet_to_code@c             cstackBANK0  0000BC
alphabet_to_code@rv            cstackBANK0  0000BD
bee_led_output@code            cstackBANK0  0000C9
bee_led_output@count           cstackBANK0  0000CB
bee_led_output@i               cstackBANK0  0000CD
bee_led_output@in              cstackBANK0  0000C1
bee_led_output@mask            cstackBANK0  0000C5
bee_led_output@signal          cstackBANK0  0000C7
btemp                          temp         000053
code_to_alphabet@mc            cstackCOMRAM 000001
code_to_alphabet@rc            cstackCOMRAM 000007
end_of_initialization          cinit        001466
i1ClearBuffer@i                cstackCOMRAM 000023
i1UART_Write@data              cstackCOMRAM 000023
i1_ClearBuffer                 text18       001366
i1_UART_Write                  text17       00148A
i2UART_Write@data              cstackCOMRAM 000001
i2UART_Write_Text@i            cstackCOMRAM 000006
i2UART_Write_Text@text         cstackCOMRAM 000002
i2_UART_Write                  text22       0014A0
i2_UART_Write_Text             text20       0011EA
int$flags                      temp         000053
int_func                       intcode_body 000D8E
intlevel0                      text         000000
intlevel1                      text         000000
intlevel2                      text         000000
intlevel3                      text         000000
isa$std                        (abs)        000001
isa$xinst                      (abs)        000000
main@check                     cstackBANK0  0000D2
output@i                       cstackBANK0  0000D0
stackhi                        (abs)        000000
stacklo                        (abs)        000000
start                          init         000090
start_initialization           cinit        00144E
state1_output@a                cstackCOMRAM 00000C
state1_output@input_code       cstackCOMRAM 000008
state1_output@input_count      cstackCOMRAM 00000A
state1_output@mc               cstackCOMRAM 00000D
strcpy@d                       cstackCOMRAM 000031
strcpy@dest                    cstackCOMRAM 00002F
strcpy@src                     cstackCOMRAM 000030
ttemp5                         temp         000054
ttemp6                         temp         000057
ttemp7                         temp         00005B
wtemp8                         temp         000054


MODULE INFORMATION

Module		Function		Class		Link	Load	Size
setting_hardaware/interrupt_manager.c
		_INTERRUPT_Initialize		CODE           	14B6	0000	20

setting_hardaware/interrupt_manager.c estimated size: 20

setting_hardaware/uart.c
		_Lo_ISR        		CODE           	0018	0000	120
		_MyusartRead   		CODE           	1268	0000	104
		_UART_Write_Text		CODE           	116C	0000	126
		_GetString     		CODE           	14E6	0000	4
		_ClearBuffer   		CODE           	132A	0000	60
		_clear_complete		CODE           	14CA	0000	10
		_UART_Initialize		CODE           	1424	0000	42
		_UART_Write    		CODE           	1474	0000	22
		_Get_complete_state		CODE           	14D4	0000	10

setting_hardaware/uart.c estimated size: 498

shared
		i1_ClearBuffer 		CODE           	1366	0000	60
		i1_UART_Write  		CODE           	148A	0000	22
		i2_UART_Write  		CODE           	14A0	0000	22
		__initialization		CODE           	144E	0000	24
		i2_UART_Write_Text		CODE           	11EA	0000	126

shared estimated size: 254

setting_hardaware/setting.c
		_OSCILLATOR_Initialize		CODE           	14DE	0000	8
		_SYSTEM_Initialize		CODE           	13FA	0000	42

setting_hardaware/setting.c estimated size: 50

C:\Program Files\Microchip\xc8\v2.45\pic\sources\c99\common\strcpy.c
		_strcpy        		CODE           	13D0	0000	42

C:\Program Files\Microchip\xc8\v2.45\pic\sources\c99\common\strcpy.c estimated size: 42

main.c
		_alphabet_to_code		CODE           	0632	0000	1088
		_bee_led_output		CODE           	0F96	0000	312
		_H_ISR         		CODE           	0008	0000	526
		_code_to_alphabet		CODE           	0A72	0000	796
		_main          		CODE           	10CE	0000	158
		_output        		CODE           	12D0	0000	90
		_state1_output 		CODE           	13A2	0000	46

main.c estimated size: 3016

